La commande « App » n'a pas été trouvée, voulez-vous dire :
  commande « pp » du deb libpar-packer-perl (1.061-1)
  commande « mpp » du deb makepp (2.0.98.5-2.1)
  commande « gpp » du deb gpp (2.28-1)
  commande « tpp » du deb tpp (1.3.1-8)
  commande « cpp » du deb cpp (4:13.2.0-2ubuntu1)
Essayez : sudo apt install <nom du deb>
Enter password: ERROR 1045 (28000): Access denied for user 'admin'@'localhost' (using password: NO)
Enter password: ERROR 1045 (28000): Access denied for user 'admin'@'localhost' (using password: NO)/bin/bash: /var/www/html/SAE_S3_BUT2_INFO/clean_tokens.sh: Aucun fichier ou dossier de ce nom
/bin/bash: /var/www/html/SAE_S3_BUT2_INFO/clean_tokens.sh: Aucun fichier ou dossier de ce nom
/bin/bash: /var/www/html/SAE_S3_BUT2_INFO/clean_tokens.sh: Aucun fichier ou dossier de ce nom
/bin/bash: /var/www/html/SAE_S3_BUT2_INFO/clean_tokens.sh: Aucun fichier ou dossier de ce nom
/bin/bash: /var/www/html/SAE_S3_BUT2_INFO/clean_tokens.sh: Aucun fichier ou dossier de ce nom
/bin/bash: /var/www/html/SAE_S3_BUT2_INFO/clean_tokens.sh: Aucun fichier ou dossier de ce nom
/bin/bash: /var/www/html/SAE_S3_BUT2_INFO/clean_tokens.sh: Aucun fichier ou dossier de ce nom
/bin/bash: /var/www/html/SAE_S3_BUT2_INFO/clean_tokens.sh: Aucun fichier ou dossier de ce nom
/bin/bash: /var/www/html/SAE_S3_BUT2_INFO/clean_tokens.sh: Aucun fichier ou dossier de ce nom
/bin/bash: /var/www/html/SAE_S3_BUT2_INFO/clean_tokens.sh: Aucun fichier ou dossier de ce nom
/bin/bash: /var/www/html/SAE_S3_BUT2_INFO/clean_tokens.sh: Aucun fichier ou dossier de ce nom
/bin/bash: /var/www/html/SAE_S3_BUT2_INFO/clean_tokens.sh: Aucun fichier ou dossier de ce nom
/bin/bash: /var/www/html/SAE_S3_BUT2_INFO/clean_tokens.sh: Aucun fichier ou dossier de ce nom
/bin/bash: /var/www/html/SAE_S3_BUT2_INFO/clean_tokens.sh: Aucun fichier ou dossier de ce nom
/bin/bash: /var/www/html/SAE_S3_BUT2_INFO/clean_tokens.sh: Aucun fichier ou dossier de ce nom
/bin/bash: /var/www/html/SAE_S3_BUT2_INFO/clean_tokens.sh: Aucun fichier ou dossier de ce nom
/bin/bash: /var/www/html/SAE_S3_BUT2_INFO/clean_tokens.sh: Aucun fichier ou dossier de ce nom
/bin/bash: /var/www/html/SAE_S3_BUT2_INFO/clean_tokens.sh: Aucun fichier ou dossier de ce nom
/bin/bash: /var/www/html/SAE_S3_BUT2_INFO/clean_tokens.sh: Aucun fichier ou dossier de ce nom
/bin/bash: /var/www/html/SAE_S3_BUT2_INFO/clean_tokens.sh: Aucun fichier ou dossier de ce nom
/bin/bash: /var/www/html/SAE_S3_BUT2_INFO/clean_tokens.sh: Aucun fichier ou dossier de ce nom
/bin/bash: /var/www/html/SAE_S3_BUT2_INFO/clean_tokens.sh: Aucun fichier ou dossier de ce nom
/bin/bash: /var/www/html/SAE_S3_BUT2_INFO/clean_tokens.sh: Aucun fichier ou dossier de ce nom
/bin/bash: /var/www/html/SAE_S3_BUT2_INFO/clean_tokens.sh: Aucun fichier ou dossier de ce nom
/bin/bash: /var/www/html/SAE_S3_BUT2_INFO/clean_tokens.sh: Aucun fichier ou dossier de ce nom
/bin/bash: /var/www/html/SAE_S3_BUT2_INFO/clean_tokens.sh: Aucun fichier ou dossier de ce nom
/bin/bash: /var/www/html/SAE_S3_BUT2_INFO/clean_tokens.sh: Aucun fichier ou dossier de ce nom
/bin/bash: /var/www/html/SAE_S3_BUT2_INFO/clean_tokens.sh: Aucun fichier ou dossier de ce nom
/bin/bash: /var/www/html/SAE_S3_BUT2_INFO/clean_tokens.sh: Aucun fichier ou dossier de ce nom
/bin/bash: /var/www/html/SAE_S3_BUT2_INFO/clean_tokens.sh: Aucun fichier ou dossier de ce nom
/bin/bash: /var/www/html/SAE_S3_BUT2_INFO/clean_tokens.sh: Aucun fichier ou dossier de ce nom
/bin/bash: /var/www/html/SAE_S3_BUT2_INFO/clean_tokens.sh: Aucun fichier ou dossier de ce nom
/bin/bash: /var/www/html/SAE_S3_BUT2_INFO/clean_tokens.sh: Aucun fichier ou dossier de ce nom
/bin/bash: /var/www/html/SAE_S3_BUT2_INFO/clean_tokens.sh: Aucun fichier ou dossier de ce nom
/bin/bash: /var/www/html/SAE_S3_BUT2_INFO/clean_tokens.sh: Aucun fichier ou dossier de ce nom
/bin/bash: /var/www/html/SAE_S3_BUT2_INFO/clean_tokens.sh: Aucun fichier ou dossier de ce nom
/bin/bash: /var/www/html/SAE_S3_BUT2_INFO/clean_tokens.sh: Aucun fichier ou dossier de ce nom
/bin/bash: /var/www/html/SAE_S3_BUT2_INFO/clean_tokens.sh: Aucun fichier ou dossier de ce nom
/bin/bash: /var/www/html/SAE_S3_BUT2_INFO/clean_tokens.sh: Aucun fichier ou dossier de ce nom
/bin/bash: /var/www/html/SAE_S3_BUT2_INFO/clean_tokens.sh: Aucun fichier ou dossier de ce nom
/bin/bash: /var/www/html/SAE_S3_BUT2_INFO/clean_tokens.sh: Aucun fichier ou dossier de ce nom
/bin/bash: /var/www/html/SAE_S3_BUT2_INFO/clean_tokens.sh: Aucun fichier ou dossier de ce nom
/bin/bash: /var/www/html/SAE_S3_BUT2_INFO/clean_tokens.sh: Aucun fichier ou dossier de ce nom
/bin/bash: /var/www/html/SAE_S3_BUT2_INFO/clean_tokens.sh: Aucun fichier ou dossier de ce nom
/bin/bash: /var/www/html/SAE_S3_BUT2_INFO/clean_tokens.sh: Aucun fichier ou dossier de ce nom
/bin/bash: /var/www/html/SAE_S3_BUT2_INFO/clean_tokens.sh: Aucun fichier ou dossier de ce nom
/bin/bash: /var/www/html/SAE_S3_BUT2_INFO/clean_tokens.sh: Aucun fichier ou dossier de ce nom
/bin/bash: /var/www/html/SAE_S3_BUT2_INFO/clean_tokens.sh: Aucun fichier ou dossier de ce nom
/bin/bash: /var/www/html/SAE_S3_BUT2_INFO/clean_tokens.sh: Aucun fichier ou dossier de ce nom
/bin/bash: /var/www/html/SAE_S3_BUT2_INFO/clean_tokens.sh: Aucun fichier ou dossier de ce nom
/bin/bash: /var/www/html/SAE_S3_BUT2_INFO/clean_tokens.sh: Aucun fichier ou dossier de ce nom
/bin/bash: /var/www/html/SAE_S3_BUT2_INFO/clean_tokens.sh: Aucun fichier ou dossier de ce nom
/bin/bash: /var/www/html/SAE_S3_BUT2_INFO/clean_tokens.sh: Aucun fichier ou dossier de ce nom
/bin/bash: /var/www/html/SAE_S3_BUT2_INFO/clean_tokens.sh: Aucun fichier ou dossier de ce nom
/bin/bash: /var/www/html/SAE_S3_BUT2_INFO/clean_tokens.sh: Aucun fichier ou dossier de ce nom
/bin/bash: /var/www/html/SAE_S3_BUT2_INFO/clean_tokens.sh: Aucun fichier ou dossier de ce nom
/bin/bash: /var/www/html/SAE_S3_BUT2_INFO/clean_tokens.sh: Aucun fichier ou dossier de ce nom
/bin/bash: /var/www/html/SAE_S3_BUT2_INFO/clean_tokens.sh: Aucun fichier ou dossier de ce nom
/bin/bash: /var/www/html/SAE_S3_BUT2_INFO/clean_tokens.sh: Aucun fichier ou dossier de ce nom
/bin/bash: /var/www/html/SAE_S3_BUT2_INFO/clean_tokens.sh: Aucun fichier ou dossier de ce nom
/bin/bash: /var/www/html/SAE_S3_BUT2_INFO/clean_tokens.sh: Aucun fichier ou dossier de ce nom
/bin/bash: /var/www/html/SAE_S3_BUT2_INFO/clean_tokens.sh: Aucun fichier ou dossier de ce nom
/bin/bash: /var/www/html/SAE_S3_BUT2_INFO/clean_tokens.sh: Aucun fichier ou dossier de ce nom
/bin/bash: /var/www/html/SAE_S3_BUT2_INFO/clean_tokens.sh: Aucun fichier ou dossier de ce nom
/bin/bash: /var/www/html/SAE_S3_BUT2_INFO/clean_tokens.sh: Aucun fichier ou dossier de ce nom
/bin/bash: /var/www/html/SAE_S3_BUT2_INFO/clean_tokens.sh: Aucun fichier ou dossier de ce nom
/bin/bash: /var/www/html/SAE_S3_BUT2_INFO/clean_tokens.sh: Aucun fichier ou dossier de ce nom
/bin/bash: /var/www/html/SAE_S3_BUT2_INFO/clean_tokens.sh: Aucun fichier ou dossier de ce nom
/bin/bash: /var/www/html/SAE_S3_BUT2_INFO/clean_tokens.sh: Aucun fichier ou dossier de ce nom
/bin/bash: /var/www/html/SAE_S3_BUT2_INFO/clean_tokens.sh: Aucun fichier ou dossier de ce nom
/bin/bash: /var/www/html/SAE_S3_BUT2_INFO/clean_tokens.sh: Aucun fichier ou dossier de ce nom
/bin/bash: /var/www/html/SAE_S3_BUT2_INFO/clean_tokens.sh: Aucun fichier ou dossier de ce nom
/bin/bash: /var/www/html/SAE_S3_BUT2_INFO/clean_tokens.sh: Aucun fichier ou dossier de ce nom
/bin/bash: /var/www/html/SAE_S3_BUT2_INFO/clean_tokens.sh: Aucun fichier ou dossier de ce nom
/bin/bash: /var/www/html/SAE_S3_BUT2_INFO/clean_tokens.sh: Aucun fichier ou dossier de ce nom
/bin/bash: /var/www/html/SAE_S3_BUT2_INFO/clean_tokens.sh: Aucun fichier ou dossier de ce nom
/bin/bash: /var/www/html/SAE_S3_BUT2_INFO/clean_tokens.sh: Aucun fichier ou dossier de ce nom
/bin/bash: /var/www/html/SAE_S3_BUT2_INFO/clean_tokens.sh: Aucun fichier ou dossier de ce nom
/bin/bash: /var/www/html/SAE_S3_BUT2_INFO/clean_tokens.sh: Aucun fichier ou dossier de ce nom
/bin/bash: /var/www/html/SAE_S3_BUT2_INFO/clean_tokens.sh: Aucun fichier ou dossier de ce nom
/bin/bash: /var/www/html/SAE_S3_BUT2_INFO/clean_tokens.sh: Aucun fichier ou dossier de ce nom
/bin/bash: /var/www/html/SAE_S3_BUT2_INFO/clean_tokens.sh: Aucun fichier ou dossier de ce nom
/bin/bash: /var/www/html/SAE_S3_BUT2_INFO/clean_tokens.sh: Aucun fichier ou dossier de ce nom
/bin/bash: /var/www/html/SAE_S3_BUT2_INFO/clean_tokens.sh: Aucun fichier ou dossier de ce nom
/bin/bash: /var/www/html/SAE_S3_BUT2_INFO/clean_tokens.sh: Aucun fichier ou dossier de ce nom
/bin/bash: /var/www/html/SAE_S3_BUT2_INFO/clean_tokens.sh: Aucun fichier ou dossier de ce nom
/bin/bash: /var/www/html/SAE_S3_BUT2_INFO/clean_tokens.sh: Aucun fichier ou dossier de ce nom
/bin/bash: /var/www/html/SAE_S3_BUT2_INFO/clean_tokens.sh: Aucun fichier ou dossier de ce nom
/bin/bash: /var/www/html/SAE_S3_BUT2_INFO/clean_tokens.sh: Aucun fichier ou dossier de ce nom
/bin/bash: /var/www/html/SAE_S3_BUT2_INFO/clean_tokens.sh: Aucun fichier ou dossier de ce nom
/bin/bash: /var/www/html/SAE_S3_BUT2_INFO/clean_tokens.sh: Aucun fichier ou dossier de ce nom
/bin/bash: /var/www/html/SAE_S3_BUT2_INFO/clean_tokens.sh: Aucun fichier ou dossier de ce nom
/bin/bash: /var/www/html/SAE_S3_BUT2_INFO/clean_tokens.sh: Aucun fichier ou dossier de ce nom
/bin/bash: /var/www/html/SAE_S3_BUT2_INFO/clean_tokens.sh: Aucun fichier ou dossier de ce nom
/bin/bash: /var/www/html/SAE_S3_BUT2_INFO/clean_tokens.sh: Aucun fichier ou dossier de ce nom
/bin/bash: /var/www/html/SAE_S3_BUT2_INFO/clean_tokens.sh: Aucun fichier ou dossier de ce nom
/bin/bash: /var/www/html/SAE_S3_BUT2_INFO/clean_tokens.sh: Aucun fichier ou dossier de ce nom
/bin/bash: /var/www/html/SAE_S3_BUT2_INFO/clean_tokens.sh: Aucun fichier ou dossier de ce nom
/bin/bash: /var/www/html/SAE_S3_BUT2_INFO/clean_tokens.sh: Aucun fichier ou dossier de ce nom
/bin/bash: /var/www/html/SAE_S3_BUT2_INFO/clean_tokens.sh: Aucun fichier ou dossier de ce nom
/bin/bash: /var/www/html/SAE_S3_BUT2_INFO/clean_tokens.sh: Aucun fichier ou dossier de ce nom
/bin/bash: /var/www/html/SAE_S3_BUT2_INFO/clean_tokens.sh: Aucun fichier ou dossier de ce nom
/bin/bash: /var/www/html/SAE_S3_BUT2_INFO/clean_tokens.sh: Aucun fichier ou dossier de ce nom
/bin/bash: /var/www/html/SAE_S3_BUT2_INFO/clean_tokens.sh: Aucun fichier ou dossier de ce nom
/bin/bash: /var/www/html/SAE_S3_BUT2_INFO/clean_tokens.sh: Aucun fichier ou dossier de ce nom
/bin/bash: /var/www/html/SAE_S3_BUT2_INFO/clean_tokens.sh: Aucun fichier ou dossier de ce nom
/bin/bash: /var/www/html/SAE_S3_BUT2_INFO/clean_tokens.sh: Aucun fichier ou dossier de ce nom
/bin/bash: /var/www/html/SAE_S3_BUT2_INFO/clean_tokens.sh: Aucun fichier ou dossier de ce nom
/bin/bash: /var/www/html/SAE_S3_BUT2_INFO/clean_tokens.sh: Aucun fichier ou dossier de ce nom
/bin/bash: /var/www/html/SAE_S3_BUT2_INFO/clean_tokens.sh: Aucun fichier ou dossier de ce nom
/bin/bash: /var/www/html/SAE_S3_BUT2_INFO/clean_tokens.sh: Aucun fichier ou dossier de ce nom
/bin/bash: /var/www/html/SAE_S3_BUT2_INFO/clean_tokens.sh: Aucun fichier ou dossier de ce nom
/bin/bash: /var/www/html/SAE_S3_BUT2_INFO/clean_tokens.sh: Aucun fichier ou dossier de ce nom
/bin/bash: /var/www/html/SAE_S3_BUT2_INFO/clean_tokens.sh: Aucun fichier ou dossier de ce nom
/bin/bash: /var/www/html/SAE_S3_BUT2_INFO/clean_tokens.sh: Aucun fichier ou dossier de ce nom
/bin/bash: /var/www/html/SAE_S3_BUT2_INFO/clean_tokens.sh: Aucun fichier ou dossier de ce nom
/bin/bash: /var/www/html/SAE_S3_BUT2_INFO/clean_tokens.sh: Aucun fichier ou dossier de ce nom
/bin/bash: /var/www/html/SAE_S3_BUT2_INFO/clean_tokens.sh: Aucun fichier ou dossier de ce nom
/bin/bash: /var/www/html/SAE_S3_BUT2_INFO/clean_tokens.sh: Aucun fichier ou dossier de ce nom
/bin/bash: /var/www/html/SAE_S3_BUT2_INFO/clean_tokens.sh: Aucun fichier ou dossier de ce nom
/bin/bash: /var/www/html/SAE_S3_BUT2_INFO/clean_tokens.sh: Aucun fichier ou dossier de ce nom
/bin/bash: /var/www/html/SAE_S3_BUT2_INFO/clean_tokens.sh: Aucun fichier ou dossier de ce nom
/bin/bash: /var/www/html/SAE_S3_BUT2_INFO/clean_tokens.sh: Aucun fichier ou dossier de ce nom
/bin/bash: /var/www/html/SAE_S3_BUT2_INFO/clean_tokens.sh: Aucun fichier ou dossier de ce nom
/bin/bash: /var/www/html/SAE_S3_BUT2_INFO/clean_tokens.sh: Aucun fichier ou dossier de ce nom
/bin/bash: /var/www/html/SAE_S3_BUT2_INFO/clean_tokens.sh: Aucun fichier ou dossier de ce nom
/bin/bash: /var/www/html/SAE_S3_BUT2_INFO/clean_tokens.sh: Aucun fichier ou dossier de ce nom
/bin/bash: /var/www/html/SAE_S3_BUT2_INFO/clean_tokens.sh: Aucun fichier ou dossier de ce nom
/bin/bash: /var/www/html/SAE_S3_BUT2_INFO/clean_tokens.sh: Aucun fichier ou dossier de ce nom
/bin/bash: /var/www/html/SAE_S3_BUT2_INFO/clean_tokens.sh: Aucun fichier ou dossier de ce nom
/bin/bash: /var/www/html/SAE_S3_BUT2_INFO/clean_tokens.sh: Aucun fichier ou dossier de ce nom
/bin/bash: /var/www/html/SAE_S3_BUT2_INFO/clean_tokens.sh: Aucun fichier ou dossier de ce nom
/bin/bash: /var/www/html/SAE_S3_BUT2_INFO/clean_tokens.sh: Aucun fichier ou dossier de ce nom
/bin/bash: /var/www/html/SAE_S3_BUT2_INFO/clean_tokens.sh: Aucun fichier ou dossier de ce nom
/bin/bash: /var/www/html/SAE_S3_BUT2_INFO/clean_tokens.sh: Aucun fichier ou dossier de ce nom
/bin/bash: /var/www/html/SAE_S3_BUT2_INFO/clean_tokens.sh: Aucun fichier ou dossier de ce nom
/bin/bash: /var/www/html/SAE_S3_BUT2_INFO/clean_tokens.sh: Aucun fichier ou dossier de ce nom
/bin/bash: /var/www/html/SAE_S3_BUT2_INFO/clean_tokens.sh: Aucun fichier ou dossier de ce nom
/bin/bash: /var/www/html/SAE_S3_BUT2_INFO/clean_tokens.sh: Aucun fichier ou dossier de ce nom
/bin/bash: /var/www/html/SAE_S3_BUT2_INFO/clean_tokens.sh: Aucun fichier ou dossier de ce nom
/bin/bash: /var/www/html/SAE_S3_BUT2_INFO/clean_tokens.sh: Aucun fichier ou dossier de ce nom
/bin/bash: /var/www/html/SAE_S3_BUT2_INFO/clean_tokens.sh: Aucun fichier ou dossier de ce nom
/bin/bash: /var/www/html/SAE_S3_BUT2_INFO/clean_tokens.sh: Aucun fichier ou dossier de ce nom
/bin/bash: /var/www/html/SAE_S3_BUT2_INFO/clean_tokens.sh: Aucun fichier ou dossier de ce nom
/bin/bash: /var/www/html/SAE_S3_BUT2_INFO/clean_tokens.sh: Aucun fichier ou dossier de ce nom
/bin/bash: /var/www/html/SAE_S3_BUT2_INFO/clean_tokens.sh: Aucun fichier ou dossier de ce nom
/bin/bash: /var/www/html/SAE_S3_BUT2_INFO/clean_tokens.sh: Aucun fichier ou dossier de ce nom
/bin/bash: /var/www/html/SAE_S3_BUT2_INFO/clean_tokens.sh: Aucun fichier ou dossier de ce nom
/bin/bash: /var/www/html/SAE_S3_BUT2_INFO/clean_tokens.sh: Aucun fichier ou dossier de ce nom
/bin/bash: /var/www/html/SAE_S3_BUT2_INFO/clean_tokens.sh: Aucun fichier ou dossier de ce nom
/bin/bash: /var/www/html/SAE_S3_BUT2_INFO/clean_tokens.sh: Aucun fichier ou dossier de ce nom
/bin/bash: /var/www/html/SAE_S3_BUT2_INFO/clean_tokens.sh: Aucun fichier ou dossier de ce nom
/bin/bash: /var/www/html/SAE_S3_BUT2_INFO/clean_tokens.sh: Aucun fichier ou dossier de ce nom
/bin/bash: /var/www/html/SAE_S3_BUT2_INFO/clean_tokens.sh: Aucun fichier ou dossier de ce nom
/bin/bash: /var/www/html/SAE_S3_BUT2_INFO/clean_tokens.sh: Aucun fichier ou dossier de ce nom
/bin/bash: /var/www/html/SAE_S3_BUT2_INFO/clean_tokens.sh: Aucun fichier ou dossier de ce nom
/bin/bash: /var/www/html/SAE_S3_BUT2_INFO/clean_tokens.sh: Aucun fichier ou dossier de ce nom
/bin/bash: /var/www/html/SAE_S3_BUT2_INFO/clean_tokens.sh: Aucun fichier ou dossier de ce nom
/bin/bash: /var/www/html/SAE_S3_BUT2_INFO/clean_tokens.sh: Aucun fichier ou dossier de ce nom
/bin/bash: /var/www/html/SAE_S3_BUT2_INFO/clean_tokens.sh: Aucun fichier ou dossier de ce nom
/bin/bash: /var/www/html/SAE_S3_BUT2_INFO/clean_tokens.sh: Aucun fichier ou dossier de ce nom
/bin/bash: /var/www/html/SAE_S3_BUT2_INFO/clean_tokens.sh: Aucun fichier ou dossier de ce nom
/bin/bash: /var/www/html/SAE_S3_BUT2_INFO/clean_tokens.sh: Aucun fichier ou dossier de ce nom
/bin/bash: /var/www/html/SAE_S3_BUT2_INFO/clean_tokens.sh: Aucun fichier ou dossier de ce nom
/bin/bash: /var/www/html/SAE_S3_BUT2_INFO/clean_tokens.sh: Aucun fichier ou dossier de ce nom
/bin/bash: /var/www/html/SAE_S3_BUT2_INFO/clean_tokens.sh: Aucun fichier ou dossier de ce nom
/bin/bash: /var/www/html/SAE_S3_BUT2_INFO/clean_tokens.sh: Aucun fichier ou dossier de ce nom
/bin/bash: /var/www/html/SAE_S3_BUT2_INFO/clean_tokens.sh: Aucun fichier ou dossier de ce nom
/bin/bash: /var/www/html/SAE_S3_BUT2_INFO/clean_tokens.sh: Aucun fichier ou dossier de ce nom
/bin/bash: /var/www/html/SAE_S3_BUT2_INFO/clean_tokens.sh: Aucun fichier ou dossier de ce nom
/bin/bash: /var/www/html/SAE_S3_BUT2_INFO/clean_tokens.sh: Aucun fichier ou dossier de ce nom
/bin/bash: /var/www/html/SAE_S3_BUT2_INFO/clean_tokens.sh: Aucun fichier ou dossier de ce nom
/bin/bash: /var/www/html/SAE_S3_BUT2_INFO/clean_tokens.sh: Aucun fichier ou dossier de ce nom
/bin/bash: /var/www/html/SAE_S3_BUT2_INFO/clean_tokens.sh: Aucun fichier ou dossier de ce nom
/bin/bash: /var/www/html/SAE_S3_BUT2_INFO/clean_tokens.sh: Aucun fichier ou dossier de ce nom
/bin/bash: /var/www/html/SAE_S3_BUT2_INFO/clean_tokens.sh: Aucun fichier ou dossier de ce nom
/bin/bash: /var/www/html/SAE_S3_BUT2_INFO/clean_tokens.sh: Aucun fichier ou dossier de ce nom
/bin/bash: /var/www/html/SAE_S3_BUT2_INFO/clean_tokens.sh: Aucun fichier ou dossier de ce nom
/bin/bash: /var/www/html/SAE_S3_BUT2_INFO/clean_tokens.sh: Aucun fichier ou dossier de ce nom
/bin/bash: /var/www/html/SAE_S3_BUT2_INFO/clean_tokens.sh: Aucun fichier ou dossier de ce nom
/bin/bash: /var/www/html/SAE_S3_BUT2_INFO/clean_tokens.sh: Aucun fichier ou dossier de ce nom
/bin/bash: /var/www/html/SAE_S3_BUT2_INFO/clean_tokens.sh: Aucun fichier ou dossier de ce nom
/bin/bash: /var/www/html/SAE_S3_BUT2_INFO/clean_tokens.sh: Aucun fichier ou dossier de ce nom
/bin/bash: /var/www/html/SAE_S3_BUT2_INFO/clean_tokens.sh: Aucun fichier ou dossier de ce nom
/bin/bash: /var/www/html/SAE_S3_BUT2_INFO/clean_tokens.sh: Aucun fichier ou dossier de ce nom
/bin/bash: /var/www/html/SAE_S3_BUT2_INFO/clean_tokens.sh: Aucun fichier ou dossier de ce nom
/bin/bash: /var/www/html/SAE_S3_BUT2_INFO/clean_tokens.sh: Aucun fichier ou dossier de ce nom
/bin/bash: /var/www/html/SAE_S3_BUT2_INFO/clean_tokens.sh: Aucun fichier ou dossier de ce nom
/bin/bash: /var/www/html/SAE_S3_BUT2_INFO/clean_tokens.sh: Aucun fichier ou dossier de ce nom
/bin/bash: /var/www/html/SAE_S3_BUT2_INFO/clean_tokens.sh: Aucun fichier ou dossier de ce nom
/bin/bash: /var/www/html/SAE_S3_BUT2_INFO/clean_tokens.sh: Aucun fichier ou dossier de ce nom
/bin/bash: /var/www/html/SAE_S3_BUT2_INFO/clean_tokens.sh: Aucun fichier ou dossier de ce nom
/bin/bash: /var/www/html/SAE_S3_BUT2_INFO/clean_tokens.sh: Aucun fichier ou dossier de ce nom
/bin/bash: /var/www/html/SAE_S3_BUT2_INFO/clean_tokens.sh: Aucun fichier ou dossier de ce nom
/bin/bash: /var/www/html/SAE_S3_BUT2_INFO/clean_tokens.sh: Aucun fichier ou dossier de ce nom
/bin/bash: /var/www/html/SAE_S3_BUT2_INFO/clean_tokens.sh: Aucun fichier ou dossier de ce nom
/bin/bash: /var/www/html/SAE_S3_BUT2_INFO/clean_tokens.sh: Aucun fichier ou dossier de ce nom
/bin/bash: /var/www/html/SAE_S3_BUT2_INFO/clean_tokens.sh: Aucun fichier ou dossier de ce nom
/bin/bash: /var/www/html/SAE_S3_BUT2_INFO/clean_tokens.sh: Aucun fichier ou dossier de ce nom
/bin/bash: /var/www/html/SAE_S3_BUT2_INFO/clean_tokens.sh: Aucun fichier ou dossier de ce nom
/bin/bash: /var/www/html/SAE_S3_BUT2_INFO/clean_tokens.sh: Aucun fichier ou dossier de ce nom
/bin/bash: /var/www/html/SAE_S3_BUT2_INFO/clean_tokens.sh: Aucun fichier ou dossier de ce nom
/bin/bash: /var/www/html/SAE_S3_BUT2_INFO/clean_tokens.sh: Aucun fichier ou dossier de ce nom
/bin/bash: /var/www/html/SAE_S3_BUT2_INFO/clean_tokens.sh: Aucun fichier ou dossier de ce nom
/bin/bash: /var/www/html/SAE_S3_BUT2_INFO/clean_tokens.sh: Aucun fichier ou dossier de ce nom
/bin/bash: /var/www/html/SAE_S3_BUT2_INFO/clean_tokens.sh: Aucun fichier ou dossier de ce nom
/bin/bash: /var/www/html/SAE_S3_BUT2_INFO/clean_tokens.sh: Aucun fichier ou dossier de ce nom
/bin/bash: /var/www/html/SAE_S3_BUT2_INFO/clean_tokens.sh: Aucun fichier ou dossier de ce nom
/bin/bash: /var/www/html/SAE_S3_BUT2_INFO/clean_tokens.sh: Aucun fichier ou dossier de ce nom
/bin/bash: /var/www/html/SAE_S3_BUT2_INFO/clean_tokens.sh: Aucun fichier ou dossier de ce nom
/bin/bash: /var/www/html/SAE_S3_BUT2_INFO/clean_tokens.sh: Aucun fichier ou dossier de ce nom
/bin/bash: /var/www/html/SAE_S3_BUT2_INFO/clean_tokens.sh: Aucun fichier ou dossier de ce nom
/bin/bash: /var/www/html/SAE_S3_BUT2_INFO/clean_tokens.sh: Aucun fichier ou dossier de ce nom
/bin/bash: /var/www/html/SAE_S3_BUT2_INFO/clean_tokens.sh: Aucun fichier ou dossier de ce nom
/bin/bash: /var/www/html/SAE_S3_BUT2_INFO/clean_tokens.sh: Aucun fichier ou dossier de ce nom
/bin/bash: /var/www/html/SAE_S3_BUT2_INFO/clean_tokens.sh: Aucun fichier ou dossier de ce nom
/bin/bash: /var/www/html/SAE_S3_BUT2_INFO/clean_tokens.sh: Aucun fichier ou dossier de ce nom
/bin/bash: /var/www/html/SAE_S3_BUT2_INFO/clean_tokens.sh: Aucun fichier ou dossier de ce nom
/bin/bash: /var/www/html/SAE_S3_BUT2_INFO/clean_tokens.sh: Aucun fichier ou dossier de ce nom
/bin/bash: /var/www/html/SAE_S3_BUT2_INFO/clean_tokens.sh: Aucun fichier ou dossier de ce nom
/bin/bash: /var/www/html/SAE_S3_BUT2_INFO/clean_tokens.sh: Aucun fichier ou dossier de ce nom
/bin/bash: /var/www/html/SAE_S3_BUT2_INFO/clean_tokens.sh: Aucun fichier ou dossier de ce nom
/bin/bash: /var/www/html/SAE_S3_BUT2_INFO/clean_tokens.sh: Aucun fichier ou dossier de ce nom
/bin/bash: /var/www/html/SAE_S3_BUT2_INFO/clean_tokens.sh: Aucun fichier ou dossier de ce nom
/bin/bash: /var/www/html/SAE_S3_BUT2_INFO/clean_tokens.sh: Aucun fichier ou dossier de ce nom
/bin/bash: /var/www/html/SAE_S3_BUT2_INFO/clean_tokens.sh: Aucun fichier ou dossier de ce nom
/bin/bash: /var/www/html/SAE_S3_BUT2_INFO/clean_tokens.sh: Aucun fichier ou dossier de ce nom
/bin/bash: /var/www/html/SAE_S3_BUT2_INFO/clean_tokens.sh: Aucun fichier ou dossier de ce nom
/bin/bash: /var/www/html/SAE_S3_BUT2_INFO/clean_tokens.sh: Aucun fichier ou dossier de ce nom
/bin/bash: /var/www/html/SAE_S3_BUT2_INFO/clean_tokens.sh: Aucun fichier ou dossier de ce nom
/bin/bash: /var/www/html/SAE_S3_BUT2_INFO/clean_tokens.sh: Aucun fichier ou dossier de ce nom
/bin/bash: /var/www/html/SAE_S3_BUT2_INFO/clean_tokens.sh: Aucun fichier ou dossier de ce nom
/bin/bash: /var/www/html/SAE_S3_BUT2_INFO/clean_tokens.sh: Aucun fichier ou dossier de ce nom
/bin/bash: /var/www/html/SAE_S3_BUT2_INFO/clean_tokens.sh: Aucun fichier ou dossier de ce nom
/bin/bash: /var/www/html/SAE_S3_BUT2_INFO/clean_tokens.sh: Aucun fichier ou dossier de ce nom
/bin/bash: /var/www/html/SAE_S3_BUT2_INFO/clean_tokens.sh: Aucun fichier ou dossier de ce nom
/bin/bash: /var/www/html/SAE_S3_BUT2_INFO/clean_tokens.sh: Aucun fichier ou dossier de ce nom
/bin/bash: /var/www/html/SAE_S3_BUT2_INFO/clean_tokens.sh: Aucun fichier ou dossier de ce nom
/bin/bash: /var/www/html/SAE_S3_BUT2_INFO/clean_tokens.sh: Aucun fichier ou dossier de ce nom
/bin/bash: /var/www/html/SAE_S3_BUT2_INFO/clean_tokens.sh: Aucun fichier ou dossier de ce nom
/bin/bash: /var/www/html/SAE_S3_BUT2_INFO/clean_tokens.sh: Aucun fichier ou dossier de ce nom
/bin/bash: /var/www/html/SAE_S3_BUT2_INFO/clean_tokens.sh: Aucun fichier ou dossier de ce nom
/bin/bash: /var/www/html/SAE_S3_BUT2_INFO/clean_tokens.sh: Aucun fichier ou dossier de ce nom
/bin/bash: /var/www/html/SAE_S3_BUT2_INFO/clean_tokens.sh: Aucun fichier ou dossier de ce nom
/bin/bash: /var/www/html/SAE_S3_BUT2_INFO/clean_tokens.sh: Aucun fichier ou dossier de ce nom
/bin/bash: /var/www/html/SAE_S3_BUT2_INFO/clean_tokens.sh: Aucun fichier ou dossier de ce nom
/bin/bash: /var/www/html/SAE_S3_BUT2_INFO/clean_tokens.sh: Aucun fichier ou dossier de ce nom
/bin/bash: /var/www/html/SAE_S3_BUT2_INFO/clean_tokens.sh: Aucun fichier ou dossier de ce nom
/bin/bash: /var/www/html/SAE_S3_BUT2_INFO/clean_tokens.sh: Aucun fichier ou dossier de ce nom
/bin/bash: /var/www/html/SAE_S3_BUT2_INFO/clean_tokens.sh: Aucun fichier ou dossier de ce nom
/bin/bash: /var/www/html/SAE_S3_BUT2_INFO/clean_tokens.sh: Aucun fichier ou dossier de ce nom
/bin/bash: /var/www/html/SAE_S3_BUT2_INFO/clean_tokens.sh: Aucun fichier ou dossier de ce nom
/bin/bash: /var/www/html/SAE_S3_BUT2_INFO/clean_tokens.sh: Aucun fichier ou dossier de ce nom
/bin/bash: /var/www/html/SAE_S3_BUT2_INFO/clean_tokens.sh: Aucun fichier ou dossier de ce nom
/bin/bash: /var/www/html/SAE_S3_BUT2_INFO/clean_tokens.sh: Aucun fichier ou dossier de ce nom
/bin/bash: /var/www/html/SAE_S3_BUT2_INFO/clean_tokens.sh: Aucun fichier ou dossier de ce nom
/bin/bash: /var/www/html/SAE_S3_BUT2_INFO/clean_tokens.sh: Aucun fichier ou dossier de ce nom
/bin/bash: /var/www/html/SAE_S3_BUT2_INFO/clean_tokens.sh: Aucun fichier ou dossier de ce nom
/bin/bash: /var/www/html/SAE_S3_BUT2_INFO/clean_tokens.sh: Aucun fichier ou dossier de ce nom
/bin/bash: /var/www/html/SAE_S3_BUT2_INFO/clean_tokens.sh: Aucun fichier ou dossier de ce nom
/bin/bash: /var/www/html/SAE_S3_BUT2_INFO/clean_tokens.sh: Aucun fichier ou dossier de ce nom
/bin/bash: /var/www/html/SAE_S3_BUT2_INFO/clean_tokens.sh: Aucun fichier ou dossier de ce nom
/bin/bash: /var/www/html/SAE_S3_BUT2_INFO/clean_tokens.sh: Aucun fichier ou dossier de ce nom
/bin/bash: /var/www/html/SAE_S3_BUT2_INFO/clean_tokens.sh: Aucun fichier ou dossier de ce nom
/bin/bash: /var/www/html/SAE_S3_BUT2_INFO/clean_tokens.sh: Aucun fichier ou dossier de ce nom
/bin/bash: /var/www/html/SAE_S3_BUT2_INFO/clean_tokens.sh: Aucun fichier ou dossier de ce nom
/bin/bash: /var/www/html/SAE_S3_BUT2_INFO/clean_tokens.sh: Aucun fichier ou dossier de ce nom
/bin/bash: /var/www/html/SAE_S3_BUT2_INFO/clean_tokens.sh: Aucun fichier ou dossier de ce nom
/bin/bash: /var/www/html/SAE_S3_BUT2_INFO/clean_tokens.sh: Aucun fichier ou dossier de ce nom
/bin/bash: /var/www/html/SAE_S3_BUT2_INFO/clean_tokens.sh: Aucun fichier ou dossier de ce nom
/bin/bash: /var/www/html/SAE_S3_BUT2_INFO/clean_tokens.sh: Aucun fichier ou dossier de ce nom
/bin/bash: /var/www/html/SAE_S3_BUT2_INFO/clean_tokens.sh: Aucun fichier ou dossier de ce nom
/bin/bash: /var/www/html/SAE_S3_BUT2_INFO/clean_tokens.sh: Aucun fichier ou dossier de ce nom
/bin/bash: /var/www/html/SAE_S3_BUT2_INFO/clean_tokens.sh: Aucun fichier ou dossier de ce nom
/bin/bash: /var/www/html/SAE_S3_BUT2_INFO/clean_tokens.sh: Aucun fichier ou dossier de ce nom
/bin/bash: /var/www/html/SAE_S3_BUT2_INFO/clean_tokens.sh: Aucun fichier ou dossier de ce nom
/bin/bash: /var/www/html/SAE_S3_BUT2_INFO/clean_tokens.sh: Aucun fichier ou dossier de ce nom
/bin/bash: /var/www/html/SAE_S3_BUT2_INFO/clean_tokens.sh: Aucun fichier ou dossier de ce nom
/bin/bash: /var/www/html/SAE_S3_BUT2_INFO/clean_tokens.sh: Aucun fichier ou dossier de ce nom
/bin/bash: /var/www/html/SAE_S3_BUT2_INFO/clean_tokens.sh: Aucun fichier ou dossier de ce nom
/bin/bash: /var/www/html/SAE_S3_BUT2_INFO/clean_tokens.sh: Aucun fichier ou dossier de ce nom
/bin/bash: /var/www/html/SAE_S3_BUT2_INFO/clean_tokens.sh: Aucun fichier ou dossier de ce nom
/bin/bash: /var/www/html/SAE_S3_BUT2_INFO/clean_tokens.sh: Aucun fichier ou dossier de ce nom
/bin/bash: /var/www/html/SAE_S3_BUT2_INFO/clean_tokens.sh: Aucun fichier ou dossier de ce nom
/bin/bash: /var/www/html/SAE_S3_BUT2_INFO/clean_tokens.sh: Aucun fichier ou dossier de ce nom
/bin/bash: /var/www/html/SAE_S3_BUT2_INFO/clean_tokens.sh: Aucun fichier ou dossier de ce nom
/bin/bash: /var/www/html/SAE_S3_BUT2_INFO/clean_tokens.sh: Aucun fichier ou dossier de ce nom
/bin/bash: /var/www/html/SAE_S3_BUT2_INFO/clean_tokens.sh: Aucun fichier ou dossier de ce nom
/bin/bash: /var/www/html/SAE_S3_BUT2_INFO/clean_tokens.sh: Aucun fichier ou dossier de ce nom
/bin/bash: /var/www/html/SAE_S3_BUT2_INFO/clean_tokens.sh: Aucun fichier ou dossier de ce nom
/bin/bash: /var/www/html/SAE_S3_BUT2_INFO/clean_tokens.sh: Aucun fichier ou dossier de ce nom
/bin/bash: /var/www/html/SAE_S3_BUT2_INFO/clean_tokens.sh: Aucun fichier ou dossier de ce nom
/bin/bash: /var/www/html/SAE_S3_BUT2_INFO/clean_tokens.sh: Aucun fichier ou dossier de ce nom
/bin/bash: /var/www/html/SAE_S3_BUT2_INFO/clean_tokens.sh: Aucun fichier ou dossier de ce nom
/bin/bash: /var/www/html/SAE_S3_BUT2_INFO/clean_tokens.sh: Aucun fichier ou dossier de ce nom
/bin/bash: /var/www/html/SAE_S3_BUT2_INFO/clean_tokens.sh: Aucun fichier ou dossier de ce nom
/bin/bash: /var/www/html/SAE_S3_BUT2_INFO/clean_tokens.sh: Aucun fichier ou dossier de ce nom
/bin/bash: /var/www/html/SAE_S3_BUT2_INFO/clean_tokens.sh: Aucun fichier ou dossier de ce nom
/bin/bash: /var/www/html/SAE_S3_BUT2_INFO/clean_tokens.sh: Aucun fichier ou dossier de ce nom
/bin/bash: /var/www/html/SAE_S3_BUT2_INFO/clean_tokens.sh: Aucun fichier ou dossier de ce nom
/bin/bash: /var/www/html/SAE_S3_BUT2_INFO/clean_tokens.sh: Aucun fichier ou dossier de ce nom
/bin/bash: /var/www/html/SAE_S3_BUT2_INFO/clean_tokens.sh: Aucun fichier ou dossier de ce nom
/bin/bash: /var/www/html/SAE_S3_BUT2_INFO/clean_tokens.sh: Aucun fichier ou dossier de ce nom
/bin/bash: /var/www/html/SAE_S3_BUT2_INFO/clean_tokens.sh: Aucun fichier ou dossier de ce nom
/bin/bash: /var/www/html/SAE_S3_BUT2_INFO/clean_tokens.sh: Aucun fichier ou dossier de ce nom
/bin/bash: /var/www/html/SAE_S3_BUT2_INFO/clean_tokens.sh: Aucun fichier ou dossier de ce nom
/bin/bash: /var/www/html/SAE_S3_BUT2_INFO/clean_tokens.sh: Aucun fichier ou dossier de ce nom
/bin/bash: /var/www/html/SAE_S3_BUT2_INFO/clean_tokens.sh: Aucun fichier ou dossier de ce nom
/bin/bash: /var/www/html/SAE_S3_BUT2_INFO/clean_tokens.sh: Aucun fichier ou dossier de ce nom
/bin/bash: /var/www/html/SAE_S3_BUT2_INFO/clean_tokens.sh: Aucun fichier ou dossier de ce nom
